// Jest Snapshot v1, https://goo.gl/fbAQLP

exports[`matches snapshot 1`] = `
<DocumentFragment>
  <div
    class="Box"
  >
    <div
      class="Box-div"
      style="background-color: grey; width: 6em; height: 6em;"
    />
    <button
      class="Box-btn"
    >
      X
    </button>
  </div>
</DocumentFragment>
`;
